Dell@DESKTOP-DAQ7KD8 MINGW64 ~/OneDrive/Desktop (master)
$ git version
git version 2.30.1.windows.1

Dell@DESKTOP-DAQ7KD8 MINGW64 ~/OneDrive/Desktop (master)
$ git config --global user.name "deepthi"

Dell@DESKTOP-DAQ7KD8 MINGW64 ~/OneDrive/Desktop (master)
$ git config --global user.email "deepthib44@gmail.com"

Dell@DESKTOP-DAQ7KD8 MINGW64 ~/OneDrive/Desktop (master)
$ git config --global --list
http.sslbackend=openssl
user.name=deepthi
user.email=deepthib44@gmail.com

Dell@DESKTOP-DAQ7KD8 MINGW64 ~/OneDrive/Desktop (master)
$ git init
Initialized empty Git repository in C:/git-handsons/.git/

Dell@DESKTOP-DAQ7KD8 MINGW64 ~/OneDrive/Desktop (master)
$ ls -al
total 16
drwxr-xr-x 1 Dell@DESKTOP 4096 0 Apr 14 22:20 ./
drwxr-xr-x 1 Dell@DESKTOP 4096 0 Apr 14 22:14 ../
drwxr-xr-x 1 Dell@DESKTOP 4096 0 Apr 14 22:20 .git/

Dell@DESKTOP-DAQ7KD8 MINGW64 ~/OneDrive/Desktop (master)
$ echo "Welcome to the version control" >> welcome.txt

Dell@DESKTOP-DAQ7KD8 MINGW64 ~/OneDrive/Desktop (master)
$ ls -al
total 17
drwxr-xr-x 1 Dell@DESKTOP 4096  0 Apr 14 22:21 ./
drwxr-xr-x 1 Dell@DESKTOP 4096  0 Apr 14 22:14 ../
drwxr-xr-x 1 Dell@DESKTOP 4096  0 Apr 14 22:20 .git/
-rw-r--r-- 1 Dell@DESKTOP 4096 31 Apr 14 22:21 welcome.txt

Dell@DESKTOP-DAQ7KD8 MINGW64 ~/OneDrive/Desktop (master)
$ cat welcome.txt
Welcome to the version control

Dell@DESKTOP-DAQ7KD8 MINGW64 ~/OneDrive/Desktop (master)
$ git status
On branch master

No commits yet

Untracked files:
  (use "git add <file>..." to include in what will be committed)
        welcome.txt

nothing added to commit but untracked files present (use "git add" to track)

Dell@DESKTOP-DAQ7KD8 MINGW64 ~/OneDrive/Desktop (master)
$ git add welcome.txt
warning: LF will be replaced by CRLF in welcome.txt.
The file will have its original line endings in your working directory

Dell@DESKTOP-DAQ7KD8 MINGW64 ~/OneDrive/Desktop (master)
$ git commit
Aborting commit due to empty commit message.

Dell@DESKTOP-DAQ7KD8 MINGW64 ~/OneDrive/Desktop (master)
$ git commit -m "first commit"
[master (root-commit) b4885e7] first commit
 1 file changed, 1 insertion(+)
 create mode 100644 welcome.txt

Dell@DESKTOP-DAQ7KD8 MINGW64 ~/OneDrive/Desktop (master)
$ git status
On branch master
nothing to commit, working tree clean
Dell@DESKTOP-DAQ7KD8 MINGW64 ~/OneDrive/Desktop (master)
$ git remote add origin https://github.com/prasaddharani/GitDemo.git

Dell@DESKTOP-DAQ7KD8 MINGW64 ~/OneDrive/Desktop (master)
$ git push origin master
Enumerating objects: 3, done.
Counting objects: 100% (3/3), done.
Writing objects: 100% (3/3), 252 bytes | 42.00 KiB/s, done.
Total 3 (delta 0), reused 0 (delta 0), pack-reused 0
To https://github.com/deepthi/GitDemo.git
 * [new branch]      master -> master
